
Discarded input sections

 .text          0x00000000        0x0 startup.o
 .data          0x00000000        0x0 startup.o
 .bss           0x00000000        0x0 startup.o
 .text          0x00000000        0x0 main.o
 .data          0x00000000        0x0 main.o
 .bss           0x00000000        0x0 main.o
 .data.g_data   0x00000000        0x4 main.o
 .bss.g_bss     0x00000000        0x4 main.o
 .text          0x00000000        0x0 uart.o
 .data          0x00000000        0x0 uart.o
 .bss           0x00000000        0x0 uart.o
 .text          0x00000000        0x0 kprintf.o
 .data          0x00000000        0x0 kprintf.o
 .bss           0x00000000        0x0 kprintf.o
 .text.print_sint
                0x00000000       0x14 kprintf.o
 .text.print_uint
                0x00000000       0x14 kprintf.o

Memory Configuration

Name             Origin             Length             Attributes
FLASH            0x00000000         0x00040000         xr
RAM              0x20000000         0x00010000         xrw
*default*        0x00000000         0xffffffff

Linker script and memory map

LOAD startup.o
LOAD main.o
LOAD uart.o
LOAD kprintf.o
                0x20010000                        _estack = (ORIGIN (RAM) + LENGTH (RAM))

.isr_vector     0x00000000       0x40
 *(.isr_vector)
 .isr_vector    0x00000000       0x40 startup.o
                0x00000000                vector_table

.text           0x00000040      0x1e8
 *(.text*)
 .text.Reset_Handler
                0x00000040       0x60 startup.o
                0x00000040                Reset_Handler
 .text.Default_Handler
                0x000000a0        0x8 startup.o
                0x000000a0                DebugMon_Handler
                0x000000a0                HardFault_Handler
                0x000000a0                SysTick_Handler
                0x000000a0                PendSV_Handler
                0x000000a0                NMI_Handler
                0x000000a0                UsageFault_Handler
                0x000000a0                Default_Handler
                0x000000a0                MemManage_Handler
                0x000000a0                SVC_Handler
                0x000000a0                BusFault_Handler
 .text.main     0x000000a8       0x24 main.o
                0x000000a8                main
 .text.uart_tx  0x000000cc       0x30 uart.o
 .text.uart_putc
                0x000000fc       0x26 uart.o
                0x000000fc                uart_putc
 .text.uart_puts
                0x00000122       0x2a uart.o
                0x00000122                uart_puts
 .text.kprintf  0x0000014c       0xdc kprintf.o
                0x0000014c                kprintf
                0x00000228                        . = ALIGN (0x4)

.glue_7         0x00000228        0x0
 .glue_7        0x00000228        0x0 linker stubs

.glue_7t        0x00000228        0x0
 .glue_7t       0x00000228        0x0 linker stubs

.vfp11_veneer   0x00000228        0x0
 .vfp11_veneer  0x00000228        0x0 linker stubs

.v4_bx          0x00000228        0x0
 .v4_bx         0x00000228        0x0 linker stubs

.iplt           0x00000228        0x0
 .iplt          0x00000228        0x0 startup.o

.rodata         0x00000228       0x58
 *(.rodata*)
 .rodata        0x00000228       0x50 main.o
 .rodata        0x00000278        0x7 kprintf.o
                0x00000280                        . = ALIGN (0x4)
 *fill*         0x0000027f        0x1 
                0x00000280                        _sidata = LOADADDR (.data)

.rel.dyn        0x00000280        0x0
 .rel.iplt      0x00000280        0x0 startup.o

.data           0x20000000        0x0 load address 0x00000280
                0x20000000                        . = ALIGN (0x4)
                0x20000000                        _sdata = .
 *(.data*)
                0x20000000                        . = ALIGN (0x4)
                0x20000000                        _edata = .

.igot.plt       0x20000000        0x0 load address 0x00000280
 .igot.plt      0x20000000        0x0 startup.o

.bss            0x20000000        0x0 load address 0x00000280
                0x20000000                        . = ALIGN (0x4)
                0x20000000                        _sbss = .
 *(.bss*)
 *(COMMON)
                0x20000000                        . = ALIGN (0x4)
                0x20000000                        _ebss = .
OUTPUT(kernel.elf elf32-littlearm)
LOAD linker stubs

.debug_info     0x00000000      0x475
 .debug_info    0x00000000      0x147 startup.o
 .debug_info    0x00000147       0xaf main.o
 .debug_info    0x000001f6       0xec uart.o
 .debug_info    0x000002e2      0x193 kprintf.o

.debug_abbrev   0x00000000      0x349
 .debug_abbrev  0x00000000       0xe7 startup.o
 .debug_abbrev  0x000000e7       0xba main.o
 .debug_abbrev  0x000001a1       0x8f uart.o
 .debug_abbrev  0x00000230      0x119 kprintf.o

.debug_aranges  0x00000000       0xa8
 .debug_aranges
                0x00000000       0x28 startup.o
 .debug_aranges
                0x00000028       0x20 main.o
 .debug_aranges
                0x00000048       0x30 uart.o
 .debug_aranges
                0x00000078       0x30 kprintf.o

.debug_rnglists
                0x00000000       0x6b
 .debug_rnglists
                0x00000000       0x19 startup.o
 .debug_rnglists
                0x00000019       0x13 main.o
 .debug_rnglists
                0x0000002c       0x1f uart.o
 .debug_rnglists
                0x0000004b       0x20 kprintf.o

.debug_line     0x00000000      0x2d9
 .debug_line    0x00000000       0xb7 startup.o
 .debug_line    0x000000b7       0x4e main.o
 .debug_line    0x00000105       0xcd uart.o
 .debug_line    0x000001d2      0x107 kprintf.o

.debug_str      0x00000000      0x204
 .debug_str     0x00000000      0x204 startup.o
                                0x1b6 (size before relaxing)
 .debug_str     0x00000204       0xef main.o
 .debug_str     0x00000204      0x174 uart.o
 .debug_str     0x00000204      0x1c0 kprintf.o

.comment        0x00000000       0x26
 .comment       0x00000000       0x26 startup.o
                                 0x27 (size before relaxing)
 .comment       0x00000026       0x27 main.o
 .comment       0x00000026       0x27 uart.o
 .comment       0x00000026       0x27 kprintf.o

.ARM.attributes
                0x00000000       0x2d
 .ARM.attributes
                0x00000000       0x2d startup.o
 .ARM.attributes
                0x0000002d       0x2d main.o
 .ARM.attributes
                0x0000005a       0x2d uart.o
 .ARM.attributes
                0x00000087       0x2d kprintf.o

.debug_frame    0x00000000      0x190
 .debug_frame   0x00000000       0x48 startup.o
 .debug_frame   0x00000048       0x2c main.o
 .debug_frame   0x00000074       0x80 uart.o
 .debug_frame   0x000000f4       0x9c kprintf.o
